üé≤üé≤üé≤ EXIT CODE: 0 üé≤üé≤üé≤
üü©üü©üü© STDOUTÔ∏è üü©üü©üü©Ô∏è
ID                            974d8b25-82cc-40cd-b684-18d166d52873
Name                          cli-srv-fervent-margulis
Organization                  d3520a52-2c75-4ba0-bda8-82dd087f07f2
Project                       d3520a52-2c75-4ba0-bda8-82dd087f07f2
AllowedActions.0              poweron
AllowedActions.1              backup
CommercialType                H100-1-80G
CreationDate                  few seconds ago
DynamicIPRequired             true
RoutedIPEnabled               true
EnableIPv6                    false
Hostname                      cli-srv-fervent-margulis
Image.ID                      19714912-ac22-40a6-8dd1-27cd53fd15b0
Image.Name                    Ubuntu Jammy GPU OS 12 passthrough
Image.Arch                    x86_64
Image.CreationDate            few seconds ago
Image.ModificationDate        few seconds ago
Image.ExtraVolumes            0
Image.FromServer              -
Image.Organization            51b656e3-4865-41e8-adbc-0c45bdd780db
Image.Public                  true
Image.RootVolume              ca415be5-cb15-4433-b385-432836fb3aaa
Image.State                   available
Image.Project                 51b656e3-4865-41e8-adbc-0c45bdd780db
Image.Zone                    fr-par-2
Protected                     false
PublicIP.ID                   d2184787-b110-4a2a-b038-88274fd446d1
PublicIP.Address              51.159.149.100
PublicIP.Gateway              62.210.0.1
PublicIP.Netmask              32
PublicIP.Family               inet
PublicIP.Dynamic              false
PublicIP.ProvisioningMode     dhcp
PublicIP.IpamID               d1399cd7-f738-497f-b34f-b8c19f1e28bc
PublicIP.State                attached
PublicIPs.0.ID                d2184787-b110-4a2a-b038-88274fd446d1
PublicIPs.0.Address           51.159.149.100
PublicIPs.0.Gateway           62.210.0.1
PublicIPs.0.Netmask           32
PublicIPs.0.Family            inet
PublicIPs.0.Dynamic           false
PublicIPs.0.ProvisioningMode  dhcp
PublicIPs.0.IpamID            d1399cd7-f738-497f-b34f-b8c19f1e28bc
PublicIPs.0.State             attached
MacAddress                    de:00:00:7a:eb:47
ModificationDate              few seconds ago
State                         archived
BootType                      local
Volumes.0.ID                  6e645cf6-3c4a-4212-9b51-bee76e9d0d5e
Volumes.0.VolumeType          sbs_volume
Volumes.0.Boot                false
Volumes.0.Zone                fr-par-2
Volumes.1.ID                  5fe7de8f-330f-4733-89a8-562b8a6633c6
Volumes.1.Name                cli-srv-fervent-margulis-1
Volumes.1.Organization        d3520a52-2c75-4ba0-bda8-82dd087f07f2
Volumes.1.Server.ID           974d8b25-82cc-40cd-b684-18d166d52873
Volumes.1.Server.Name         cli-srv-fervent-margulis
Volumes.1.Size                3.0 TB
Volumes.1.VolumeType          scratch
Volumes.1.CreationDate        few seconds ago
Volumes.1.ModificationDate    few seconds ago
Volumes.1.State               available
Volumes.1.Project             d3520a52-2c75-4ba0-bda8-82dd087f07f2
Volumes.1.Boot                false
Volumes.1.Zone                fr-par-2
SecurityGroup.ID              54f5b0e2-c940-44cd-91f4-e496c7f99ae1
SecurityGroup.Name            Default security group
StateDetail                   -
Arch                          x86_64
Zone                          fr-par-2
EndOfService                  false
üü©üü©üü© JSON STDOUT üü©üü©üü©
{
  "id": "974d8b25-82cc-40cd-b684-18d166d52873",
  "name": "cli-srv-fervent-margulis",
  "organization": "d3520a52-2c75-4ba0-bda8-82dd087f07f2",
  "project": "d3520a52-2c75-4ba0-bda8-82dd087f07f2",
  "allowed_actions": [
    "poweron",
    "backup"
  ],
  "tags": [],
  "commercial_type": "H100-1-80G",
  "creation_date": "1970-01-01T00:00:00.0Z",
  "dynamic_ip_required": true,
  "routed_ip_enabled": true,
  "enable_ipv6": false,
  "hostname": "cli-srv-fervent-margulis",
  "image": {
    "id": "19714912-ac22-40a6-8dd1-27cd53fd15b0",
    "name": "Ubuntu Jammy GPU OS 12 passthrough",
    "arch": "x86_64",
    "creation_date": "1970-01-01T00:00:00.0Z",
    "modification_date": "1970-01-01T00:00:00.0Z",
    "default_bootscript": null,
    "extra_volumes": {},
    "from_server": "",
    "organization": "51b656e3-4865-41e8-adbc-0c45bdd780db",
    "public": true,
    "root_volume": {
      "id": "ca415be5-cb15-4433-b385-432836fb3aaa",
      "name": "",
      "size": 0,
      "volume_type": "sbs_snapshot"
    },
    "state": "available",
    "project": "51b656e3-4865-41e8-adbc-0c45bdd780db",
    "tags": [],
    "zone": "fr-par-2"
  },
  "protected": false,
  "private_ip": null,
  "public_ip": {
    "id": "d2184787-b110-4a2a-b038-88274fd446d1",
    "address": "51.159.149.100",
    "gateway": "62.210.0.1",
    "netmask": "32",
    "family": "inet",
    "dynamic": false,
    "provisioning_mode": "dhcp",
    "tags": [],
    "ipam_id": "d1399cd7-f738-497f-b34f-b8c19f1e28bc",
    "state": "attached"
  },
  "public_ips": [
    {
      "id": "d2184787-b110-4a2a-b038-88274fd446d1",
      "address": "51.159.149.100",
      "gateway": "62.210.0.1",
      "netmask": "32",
      "family": "inet",
      "dynamic": false,
      "provisioning_mode": "dhcp",
      "tags": [],
      "ipam_id": "d1399cd7-f738-497f-b34f-b8c19f1e28bc",
      "state": "attached"
    }
  ],
  "mac_address": "de:00:00:7a:eb:47",
  "modification_date": "1970-01-01T00:00:00.0Z",
  "state": "stopped",
  "location": null,
  "ipv6": null,
  "boot_type": "local",
  "volumes": {
    "0": {
      "id": "6e645cf6-3c4a-4212-9b51-bee76e9d0d5e",
      "name": null,
      "export_uri": null,
      "organization": null,
      "server": null,
      "size": null,
      "volume_type": "sbs_volume",
      "creation_date": null,
      "modification_date": null,
      "state": null,
      "project": null,
      "boot": false,
      "zone": "fr-par-2"
    },
    "1": {
      "id": "5fe7de8f-330f-4733-89a8-562b8a6633c6",
      "name": "cli-srv-fervent-margulis-1",
      "export_uri": null,
      "organization": "d3520a52-2c75-4ba0-bda8-82dd087f07f2",
      "server": {
        "id": "974d8b25-82cc-40cd-b684-18d166d52873",
        "name": "cli-srv-fervent-margulis"
      },
      "size": 3000000000000,
      "volume_type": "scratch",
      "creation_date": "1970-01-01T00:00:00.0Z",
      "modification_date": "1970-01-01T00:00:00.0Z",
      "state": "available",
      "project": "d3520a52-2c75-4ba0-bda8-82dd087f07f2",
      "boot": false,
      "zone": "fr-par-2"
    }
  },
  "security_group": {
    "id": "54f5b0e2-c940-44cd-91f4-e496c7f99ae1",
    "name": "Default security group"
  },
  "maintenances": [],
  "state_detail": "",
  "arch": "x86_64",
  "placement_group": null,
  "private_nics": [],
  "zone": "fr-par-2",
  "admin_password_encryption_ssh_key_id": null,
  "admin_password_encrypted_value": null,
  "filesystems": [],
  "end_of_service": false,
  "Warnings": null
}
