🎲🎲🎲 EXIT CODE: 0 🎲🎲🎲
🟩🟩🟩 STDOUT️ 🟩🟩🟩️
Image.ID                9c48fc5a-f9f3-4e95-ab5d-4f58081d0949
Image.Name              foo
Image.Arch              x86_64
Image.CreationDate      few seconds ago
Image.ModificationDate  few seconds ago
Image.ExtraVolumes      0
Image.FromServer        -
Image.Organization      d3520a52-2c75-4ba0-bda8-82dd087f07f2
Image.Public            false
Image.RootVolume        cf5e0216-c4dd-4b27-a57a-8beb9c81aa4e
Image.State             available
Image.Project           d3520a52-2c75-4ba0-bda8-82dd087f07f2
Image.Zone              fr-par-1
🟩🟩🟩 JSON STDOUT 🟩🟩🟩
{
  "image": {
    "id": "9c48fc5a-f9f3-4e95-ab5d-4f58081d0949",
    "name": "foo",
    "arch": "x86_64",
    "creation_date": "1970-01-01T00:00:00.0Z",
    "modification_date": "1970-01-01T00:00:00.0Z",
    "default_bootscript": null,
    "extra_volumes": {},
    "from_server": "",
    "organization": "d3520a52-2c75-4ba0-bda8-82dd087f07f2",
    "public": false,
    "root_volume": {
      "id": "cf5e0216-c4dd-4b27-a57a-8beb9c81aa4e",
      "name": "cli-snp-loving-faraday",
      "size": 20000000000,
      "volume_type": "l_ssd"
    },
    "state": "available",
    "project": "d3520a52-2c75-4ba0-bda8-82dd087f07f2",
    "tags": [],
    "zone": "fr-par-1"
  }
}
