🎲🎲🎲 EXIT CODE: 0 🎲🎲🎲
🟩🟩🟩 STDOUT️ 🟩🟩🟩️
✅ Success.
🟥🟥🟥 STDERR️️ 🟥🟥🟥️
successfully deleted ip 51.15.224.255
successfully deleted ip 2001:bc8:710:ca44:dc00:ff:fec1:bc1b
successfully deleted volume  (- sbs_volume)
🟩🟩🟩 JSON STDOUT 🟩🟩🟩
{
  "message": "Success",
  "details": ""
}
