🎲🎲🎲 EXIT CODE: 0 🎲🎲🎲
🟩🟩🟩 STDOUT️ 🟩🟩🟩️
ID                      96318bb4-c15c-4778-a5de-fd148c6e9625
Name                    cli-srv-epic-mclean
Organization            d3520a52-2c75-4ba0-bda8-82dd087f07f2
Project                 d3520a52-2c75-4ba0-bda8-82dd087f07f2
AllowedActions.0        poweron
AllowedActions.1        backup
CommercialType          DEV1-S
CreationDate            few seconds ago
DynamicIPRequired       false
RoutedIPEnabled         true
EnableIPv6              false
Hostname                cli-srv-epic-mclean
Image.ID                63d40353-5519-46d0-9172-ccf4885954e1
Image.Name              Ubuntu 22.04 Jammy Jellyfish
Image.Arch              x86_64
Image.CreationDate      few seconds ago
Image.ModificationDate  few seconds ago
Image.ExtraVolumes      0
Image.FromServer        -
Image.Organization      51b656e3-4865-41e8-adbc-0c45bdd780db
Image.Public            true
Image.RootVolume        905845fc-a6eb-4401-8e9d-5810071b7119
Image.State             available
Image.Project           51b656e3-4865-41e8-adbc-0c45bdd780db
Image.Zone              fr-par-1
Protected               false
MacAddress              de:00:00:b5:34:71
ModificationDate        few seconds ago
State                   archived
BootType                local
Volumes.0.ID            e1f641ba-8017-43ea-ad33-5db2ca869c4d
Volumes.0.VolumeType    sbs_volume
Volumes.0.Boot          false
Volumes.0.Zone          fr-par-1
SecurityGroup.ID        1c1fc99f-b2de-408d-9eb0-da801a3e2744
SecurityGroup.Name      Default security group
StateDetail             -
Arch                    x86_64
Zone                    fr-par-1
EndOfService            false
🟩🟩🟩 JSON STDOUT 🟩🟩🟩
{
  "id": "96318bb4-c15c-4778-a5de-fd148c6e9625",
  "name": "cli-srv-epic-mclean",
  "organization": "d3520a52-2c75-4ba0-bda8-82dd087f07f2",
  "project": "d3520a52-2c75-4ba0-bda8-82dd087f07f2",
  "allowed_actions": [
    "poweron",
    "backup"
  ],
  "tags": [],
  "commercial_type": "DEV1-S",
  "creation_date": "1970-01-01T00:00:00.0Z",
  "dynamic_ip_required": false,
  "routed_ip_enabled": true,
  "enable_ipv6": false,
  "hostname": "cli-srv-epic-mclean",
  "image": {
    "id": "63d40353-5519-46d0-9172-ccf4885954e1",
    "name": "Ubuntu 22.04 Jammy Jellyfish",
    "arch": "x86_64",
    "creation_date": "1970-01-01T00:00:00.0Z",
    "modification_date": "1970-01-01T00:00:00.0Z",
    "default_bootscript": null,
    "extra_volumes": {},
    "from_server": "",
    "organization": "51b656e3-4865-41e8-adbc-0c45bdd780db",
    "public": true,
    "root_volume": {
      "id": "905845fc-a6eb-4401-8e9d-5810071b7119",
      "name": "",
      "size": 0,
      "volume_type": "sbs_snapshot"
    },
    "state": "available",
    "project": "51b656e3-4865-41e8-adbc-0c45bdd780db",
    "tags": [],
    "zone": "fr-par-1"
  },
  "protected": false,
  "private_ip": null,
  "public_ip": null,
  "public_ips": [],
  "mac_address": "de:00:00:b5:34:71",
  "modification_date": "1970-01-01T00:00:00.0Z",
  "state": "stopped",
  "location": null,
  "ipv6": null,
  "boot_type": "local",
  "volumes": {
    "0": {
      "id": "e1f641ba-8017-43ea-ad33-5db2ca869c4d",
      "name": null,
      "export_uri": null,
      "organization": null,
      "server": null,
      "size": null,
      "volume_type": "sbs_volume",
      "creation_date": null,
      "modification_date": null,
      "state": null,
      "project": null,
      "boot": false,
      "zone": "fr-par-1"
    }
  },
  "security_group": {
    "id": "1c1fc99f-b2de-408d-9eb0-da801a3e2744",
    "name": "Default security group"
  },
  "maintenances": [],
  "state_detail": "",
  "arch": "x86_64",
  "placement_group": null,
  "private_nics": [],
  "zone": "fr-par-1",
  "admin_password_encryption_ssh_key_id": null,
  "admin_password_encrypted_value": null,
  "filesystems": [],
  "end_of_service": false,
  "Warnings": null
}
