🎲🎲🎲 EXIT CODE: 0 🎲🎲🎲
🟩🟩🟩 STDOUT️ 🟩🟩🟩️
ID                1c77dda9-3189-409d-9383-ba7bec4c8f4a
Name              cli-test-snapshot-update-tags
Organization      d3520a52-2c75-4ba0-bda8-82dd087f07f2
Project           d3520a52-2c75-4ba0-bda8-82dd087f07f2
Tags.0            bar
Tags.1            foo
VolumeType        l_ssd
Size              10 GB
State             available
BaseVolume.ID     5cbd0190-1b94-4a98-9bfc-5f43fe629348
BaseVolume.Name   Ubuntu 22.04 Jammy Jellyfish
CreationDate      few seconds ago
ModificationDate  few seconds ago
Zone              fr-par-1
🟩🟩🟩 JSON STDOUT 🟩🟩🟩
{
  "id": "1c77dda9-3189-409d-9383-ba7bec4c8f4a",
  "name": "cli-test-snapshot-update-tags",
  "organization": "d3520a52-2c75-4ba0-bda8-82dd087f07f2",
  "project": "d3520a52-2c75-4ba0-bda8-82dd087f07f2",
  "tags": [
    "bar",
    "foo"
  ],
  "volume_type": "l_ssd",
  "size": 10000000000,
  "state": "available",
  "base_volume": {
    "id": "5cbd0190-1b94-4a98-9bfc-5f43fe629348",
    "name": "Ubuntu 22.04 Jammy Jellyfish"
  },
  "creation_date": "1970-01-01T00:00:00.0Z",
  "modification_date": "1970-01-01T00:00:00.0Z",
  "zone": "fr-par-1",
  "error_reason": null
}
