🎲🎲🎲 EXIT CODE: 0 🎲🎲🎲
🟩🟩🟩 STDOUT️ 🟩🟩🟩️
Server.ID                          5ce698ff-58f0-4566-ae41-d5e45f4f7e27
Server.Name                        cli-srv-mystifying-visvesvaraya
Server.Organization                d3520a52-2c75-4ba0-bda8-82dd087f07f2
Server.Project                     d3520a52-2c75-4ba0-bda8-82dd087f07f2
Server.AllowedActions.0            poweron
Server.AllowedActions.1            backup
Server.CommercialType              POP2-2C-8G
Server.CreationDate                few seconds ago
Server.DynamicIPRequired           false
Server.RoutedIPEnabled             true
Server.EnableIPv6                  false
Server.Hostname                    cli-srv-mystifying-visvesvaraya
Server.Image.ID                    63d40353-5519-46d0-9172-ccf4885954e1
Server.Image.Name                  Ubuntu 22.04 Jammy Jellyfish
Server.Image.Arch                  x86_64
Server.Image.CreationDate          few seconds ago
Server.Image.ModificationDate      few seconds ago
Server.Image.ExtraVolumes          0
Server.Image.FromServer            -
Server.Image.Organization          51b656e3-4865-41e8-adbc-0c45bdd780db
Server.Image.Public                true
Server.Image.RootVolume            905845fc-a6eb-4401-8e9d-5810071b7119
Server.Image.State                 available
Server.Image.Project               51b656e3-4865-41e8-adbc-0c45bdd780db
Server.Image.Zone                  fr-par-1
Server.Protected                   false
Server.MacAddress                  de:00:00:b5:37:63
Server.ModificationDate            few seconds ago
Server.State                       archived
Server.BootType                    local
Server.Volumes.0.ID                39c5840f-03d3-439e-926f-602c7825d924
Server.Volumes.0.VolumeType        sbs_volume
Server.Volumes.0.Boot              false
Server.Volumes.0.Zone              fr-par-1
Server.SecurityGroup.ID            1c1fc99f-b2de-408d-9eb0-da801a3e2744
Server.SecurityGroup.Name          Default security group
Server.StateDetail                 -
Server.Arch                        x86_64
Server.Zone                        fr-par-1
Server.Filesystems.0.FilesystemID  20b5498e-d2a4-4fc1-af59-6f70b3978716
Server.Filesystems.0.State         available
Server.EndOfService                false
🟩🟩🟩 JSON STDOUT 🟩🟩🟩
{
  "server": {
    "id": "5ce698ff-58f0-4566-ae41-d5e45f4f7e27",
    "name": "cli-srv-mystifying-visvesvaraya",
    "organization": "d3520a52-2c75-4ba0-bda8-82dd087f07f2",
    "project": "d3520a52-2c75-4ba0-bda8-82dd087f07f2",
    "allowed_actions": [
      "poweron",
      "backup"
    ],
    "tags": [],
    "commercial_type": "POP2-2C-8G",
    "creation_date": "1970-01-01T00:00:00.0Z",
    "dynamic_ip_required": false,
    "routed_ip_enabled": true,
    "enable_ipv6": false,
    "hostname": "cli-srv-mystifying-visvesvaraya",
    "image": {
      "id": "63d40353-5519-46d0-9172-ccf4885954e1",
      "name": "Ubuntu 22.04 Jammy Jellyfish",
      "arch": "x86_64",
      "creation_date": "1970-01-01T00:00:00.0Z",
      "modification_date": "1970-01-01T00:00:00.0Z",
      "default_bootscript": null,
      "extra_volumes": {},
      "from_server": "",
      "organization": "51b656e3-4865-41e8-adbc-0c45bdd780db",
      "public": true,
      "root_volume": {
        "id": "905845fc-a6eb-4401-8e9d-5810071b7119",
        "name": "",
        "size": 0,
        "volume_type": "sbs_snapshot"
      },
      "state": "available",
      "project": "51b656e3-4865-41e8-adbc-0c45bdd780db",
      "tags": [],
      "zone": "fr-par-1"
    },
    "protected": false,
    "private_ip": null,
    "public_ip": null,
    "public_ips": [],
    "mac_address": "de:00:00:b5:37:63",
    "modification_date": "1970-01-01T00:00:00.0Z",
    "state": "stopped",
    "location": null,
    "ipv6": null,
    "boot_type": "local",
    "volumes": {
      "0": {
        "id": "39c5840f-03d3-439e-926f-602c7825d924",
        "name": null,
        "export_uri": null,
        "organization": null,
        "server": null,
        "size": null,
        "volume_type": "sbs_volume",
        "creation_date": null,
        "modification_date": null,
        "state": null,
        "project": null,
        "boot": false,
        "zone": "fr-par-1"
      }
    },
    "security_group": {
      "id": "1c1fc99f-b2de-408d-9eb0-da801a3e2744",
      "name": "Default security group"
    },
    "maintenances": [],
    "state_detail": "",
    "arch": "x86_64",
    "placement_group": null,
    "private_nics": [],
    "zone": "fr-par-1",
    "admin_password_encryption_ssh_key_id": null,
    "admin_password_encrypted_value": null,
    "filesystems": [
      {
        "filesystem_id": "20b5498e-d2a4-4fc1-af59-6f70b3978716",
        "state": "available"
      }
    ],
    "end_of_service": false
  }
}
