üé≤üé≤üé≤ EXIT CODE: 0 üé≤üé≤üé≤
üü©üü©üü© STDOUTÔ∏è üü©üü©üü©Ô∏è
ID                  0d4a5178-f20a-4fb1-a8bc-741164e606f8
Name                cli-srv-unruffled-matsumoto
Organization        d3520a52-2c75-4ba0-bda8-82dd087f07f2
Project             d3520a52-2c75-4ba0-bda8-82dd087f07f2
CommercialType      DEV1-S
CreationDate        few seconds ago
DynamicIPRequired   false
RoutedIPEnabled     true
EnableIPv6          false
Hostname            cli-srv-unruffled-matsumoto
Protected           false
MacAddress          de:00:00:b5:32:b3
ModificationDate    few seconds ago
State               archived
BootType            local
SecurityGroup.ID    1c1fc99f-b2de-408d-9eb0-da801a3e2744
SecurityGroup.Name  Default security group
StateDetail         -
Arch                x86_64
Zone                fr-par-1
EndOfService        false

Server Image:
ID                63d40353-5519-46d0-9172-ccf4885954e1
Name              Ubuntu 22.04 Jammy Jellyfish
Arch              x86_64
CreationDate      few seconds ago
ModificationDate  few seconds ago
ExtraVolumes      0
FromServer        -
Organization      51b656e3-4865-41e8-adbc-0c45bdd780db
Public            true
RootVolume        905845fc-a6eb-4401-8e9d-5810071b7119
State             available
Project           51b656e3-4865-41e8-adbc-0c45bdd780db
Zone              fr-par-1

Allowed Actions:
[poweron backup]

Volumes:
ID                                    NAME                                       SIZE   VOLUME TYPE  IOPS  STATE   CREATION DATE    MODIFICATION DATE  BOOT   ZONE
4009a165-d983-46c0-a9f5-6585daae2e2e  Ubuntu 22.04 Jammy Jellyfish_sbs_volume_0  10 GB  sbs_5k       5K    in_use  few seconds ago  few seconds ago    false  fr-par-1

Public IPs:
ID   ADDRESS  GATEWAY  NETMASK  FAMILY  DYNAMIC  PROVISIONING MODE  TAGS  IPAM ID  STATE

IPv6:
-

Private NICs:
ID   MAC ADDRESS  PRIVATE NETWORK NAME  PRIVATE NETWORK ID

Server Filesystems:
FILESYSTEM ID  STATE
üü©üü©üü© JSON STDOUT üü©üü©üü©
{
  "id": "0d4a5178-f20a-4fb1-a8bc-741164e606f8",
  "name": "cli-srv-unruffled-matsumoto",
  "organization": "d3520a52-2c75-4ba0-bda8-82dd087f07f2",
  "project": "d3520a52-2c75-4ba0-bda8-82dd087f07f2",
  "allowed_actions": [
    "poweron",
    "backup"
  ],
  "tags": [],
  "commercial_type": "DEV1-S",
  "creation_date": "1970-01-01T00:00:00.0Z",
  "dynamic_ip_required": false,
  "routed_ip_enabled": true,
  "enable_ipv6": false,
  "hostname": "cli-srv-unruffled-matsumoto",
  "image": {
    "id": "63d40353-5519-46d0-9172-ccf4885954e1",
    "name": "Ubuntu 22.04 Jammy Jellyfish",
    "arch": "x86_64",
    "creation_date": "1970-01-01T00:00:00.0Z",
    "modification_date": "1970-01-01T00:00:00.0Z",
    "default_bootscript": null,
    "extra_volumes": {},
    "from_server": "",
    "organization": "51b656e3-4865-41e8-adbc-0c45bdd780db",
    "public": true,
    "root_volume": {
      "id": "905845fc-a6eb-4401-8e9d-5810071b7119",
      "name": "",
      "size": 0,
      "volume_type": "sbs_snapshot"
    },
    "state": "available",
    "project": "51b656e3-4865-41e8-adbc-0c45bdd780db",
    "tags": [],
    "zone": "fr-par-1"
  },
  "protected": false,
  "private_ip": null,
  "public_ip": null,
  "public_ips": [],
  "mac_address": "de:00:00:b5:32:b3",
  "modification_date": "1970-01-01T00:00:00.0Z",
  "state": "stopped",
  "location": null,
  "ipv6": null,
  "boot_type": "local",
  "volumes": {
    "0": {
      "id": "4009a165-d983-46c0-a9f5-6585daae2e2e",
      "name": null,
      "export_uri": null,
      "organization": null,
      "server": null,
      "size": null,
      "volume_type": "sbs_volume",
      "creation_date": null,
      "modification_date": null,
      "state": null,
      "project": null,
      "boot": false,
      "zone": "fr-par-1"
    }
  },
  "security_group": {
    "id": "1c1fc99f-b2de-408d-9eb0-da801a3e2744",
    "name": "Default security group"
  },
  "maintenances": [],
  "state_detail": "",
  "arch": "x86_64",
  "placement_group": null,
  "zone": "fr-par-1",
  "admin_password_encryption_ssh_key_id": null,
  "admin_password_encrypted_value": null,
  "filesystems": [],
  "end_of_service": false,
  "Volumes": [
    {
      "id": "4009a165-d983-46c0-a9f5-6585daae2e2e",
      "name": "Ubuntu 22.04 Jammy Jellyfish_sbs_volume_0",
      "size": 10000000000,
      "volume_type": "sbs_5k",
      "iops": "5K",
      "state": "in_use",
      "creation_date": "1970-01-01T00:00:00.0Z",
      "modification_date": "1970-01-01T00:00:00.0Z",
      "boot": false,
      "zone": "fr-par-1"
    }
  ],
  "private_nics": [],
  "warnings": null
}
