🎲🎲🎲 EXIT CODE: 0 🎲🎲🎲
🟩🟩🟩 STDOUT️ 🟩🟩🟩️
Image.ID                18a0c2c0-bf8e-4c14-9310-e811eb5d05e7
Image.Name              cli-img-nervous-nobel
Image.Arch              x86_64
Image.CreationDate      few seconds ago
Image.ModificationDate  few seconds ago
Image.ExtraVolumes      0
Image.FromServer        -
Image.Organization      d3520a52-2c75-4ba0-bda8-82dd087f07f2
Image.Public            true
Image.RootVolume        520cbeb0-66c2-4b54-9827-10ba698e7fa2
Image.State             available
Image.Project           d3520a52-2c75-4ba0-bda8-82dd087f07f2
Image.Zone              fr-par-1
🟩🟩🟩 JSON STDOUT 🟩🟩🟩
{
  "image": {
    "id": "18a0c2c0-bf8e-4c14-9310-e811eb5d05e7",
    "name": "cli-img-nervous-nobel",
    "arch": "x86_64",
    "creation_date": "1970-01-01T00:00:00.0Z",
    "modification_date": "1970-01-01T00:00:00.0Z",
    "default_bootscript": null,
    "extra_volumes": {},
    "from_server": "",
    "organization": "d3520a52-2c75-4ba0-bda8-82dd087f07f2",
    "public": true,
    "root_volume": {
      "id": "520cbeb0-66c2-4b54-9827-10ba698e7fa2",
      "name": "cli-snp-amazing-cori",
      "size": 20000000000,
      "volume_type": "l_ssd"
    },
    "state": "available",
    "project": "d3520a52-2c75-4ba0-bda8-82dd087f07f2",
    "tags": [],
    "zone": "fr-par-1"
  }
}
