🎲🎲🎲 EXIT CODE: 1 🎲🎲🎲
🟥🟥🟥 STDERR️️ 🟥🟥🟥️
Missing required argument 'server-id'
🟥🟥🟥 JSON STDERR 🟥🟥🟥
{
  "message": "missing required argument 'server-id'",
  "error": {}
}
