üé≤üé≤üé≤ EXIT CODE: 0 üé≤üé≤üé≤
üü©üü©üü© STDOUTÔ∏è üü©üü©üü©Ô∏è
ID              dd95ae38-d37d-4502-8d8f-3ff00a795fbc
OrganizationID  5ebc0159-7cb7-406c-9521-9347d1987fb2
ProjectID       5ebc0159-7cb7-406c-9521-9347d1987fb2
Name            cli-bm-boring-panini
Description     -
UpdatedAt       few seconds ago
CreatedAt       few seconds ago
Status          ready
OfferID         206ea234-9097-4ae1-af68-6d2be09f47ed
OfferName       EM-B220E-NVME
Domain          dd95ae38-d37d-4502-8d8f-3ff00a795fbc.fr-par-1.baremetal.scw.cloud
BootType        normal
Zone            fr-par-1
PingStatus      up

IPs:
ID                                    ADDRESS                               REVERSE                                                            VERSION  REVERSE STATUS  REVERSE STATUS MESSAGE
2b52b947-e19a-4098-a740-6cf36ffacd7e  2001:bc8:701:702:3eec:efff:feff:1898  dd95ae38-d37d-4502-8d8f-3ff00a795fbc.fr-par-1.baremetal.scw.cloud  IPv6     active          -
df322c99-395c-4b38-abd2-5c841785564f  62.210.158.105                        dd95ae38-d37d-4502-8d8f-3ff00a795fbc.fr-par-1.baremetal.scw.cloud  IPv4     active          -

Options:
ID   NAME  STATUS  MANAGEABLE  EXPIRES AT

Install:
OsID                                            03b7f4ba-a6a1-4305-984e-b54fafbf1681
Hostname                                        test-install-server
SSHKeyIDs.0                                     c7954590-1616-4574-a1e1-e95b48ef4378
SSHKeyIDs.1                                     5e781941-b542-4136-bb01-342eb56544bd
SSHKeyIDs.2                                     74a9d119-bb04-4aed-b7b1-9c80a8424deb
SSHKeyIDs.3                                     68514ecc-e009-4b3d-b560-6e923fa507a0
SSHKeyIDs.4                                     b822b395-4592-46be-9619-fc06d5f04f3d
SSHKeyIDs.5                                     91ec9928-4eaf-45f2-9ca7-28b4cc6a1b8e
SSHKeyIDs.6                                     4c094aa6-ea32-4756-b9aa-c159becb2467
SSHKeyIDs.7                                     7b7f455f-4b82-4894-9341-354cdbc6a0f1
SSHKeyIDs.8                                     4ad20cb5-7ccc-44db-939b-8babfc741cf9
SSHKeyIDs.9                                     b4a04bff-3f5a-4c31-b98f-8e6665c85e1c
SSHKeyIDs.10                                    df47ed9f-ef38-4cc9-a239-8c8c9dba12ed
SSHKeyIDs.11                                    55f75375-16aa-458b-9c4c-448c1d77c44c
SSHKeyIDs.12                                    e0ba4fee-fe43-493f-8fcc-95fd9c664553
SSHKeyIDs.13                                    d1bfb428-3991-48de-a3ef-57be7cdfa3c8
SSHKeyIDs.14                                    2c514478-f04c-4945-9ba5-e4e5a02eeb5e
SSHKeyIDs.15                                    7c8e5789-d34d-425a-b0af-c749ec5b5acc
SSHKeyIDs.16                                    7b857059-a842-4efd-a9dc-00a5908d2ad7
SSHKeyIDs.17                                    69b811ab-20b3-4eaf-b565-16ebca50a9c9
SSHKeyIDs.18                                    54b9bf33-d052-4ee4-b9b7-dc29b6603f0b
SSHKeyIDs.19                                    48046b67-725d-4a10-b7ba-6c720dadc910
SSHKeyIDs.20                                    c410d616-b438-4ad8-9afa-3fd790ff36a9
SSHKeyIDs.21                                    9560cc7f-f371-40ef-bcfd-1419e76a8a21
SSHKeyIDs.22                                    a547769d-315f-46f7-8d88-61b97e0789b4
SSHKeyIDs.23                                    15c924b6-ecc9-4d02-816f-3f9b5fc7f66e
SSHKeyIDs.24                                    efae309e-aa34-4405-ba2c-15653e4418eb
SSHKeyIDs.25                                    08b2ee5e-bbcb-4d63-935a-e72954a84884
SSHKeyIDs.26                                    9890553c-cb06-4451-bcac-41de3e9aad8f
SSHKeyIDs.27                                    619cc263-ad06-4790-a6cd-61cd86eb8f2a
SSHKeyIDs.28                                    e8939d46-feb2-46f3-b99c-06c3a1127834
SSHKeyIDs.29                                    b7fd25d0-5d16-4e4d-b58d-ebc60bd9d235
SSHKeyIDs.30                                    26726801-2ba9-4c61-938c-dcd25ec30eb9
SSHKeyIDs.31                                    558dd0e6-a2d9-4c7f-980c-f27536151e19
SSHKeyIDs.32                                    9cda7ecf-38be-46ab-89e5-118ab3ba3f3b
SSHKeyIDs.33                                    6e2e443e-6028-4377-a18c-7555f47415f5
SSHKeyIDs.34                                    3a783a52-67c0-415e-9f15-870a0f2da13e
SSHKeyIDs.35                                    721cb2ca-738c-4745-bd5b-7c8f40b7d2a0
SSHKeyIDs.36                                    facddcb4-0d3b-4a71-a7ae-8655dd7459c1
SSHKeyIDs.37                                    093bc9cd-2795-4011-87ff-3e110e3bf3b9
SSHKeyIDs.38                                    2e946781-029a-4b8d-8e75-cfb8c6784b0d
SSHKeyIDs.39                                    6454d9b4-e7da-46ff-9136-6e7b564447b0
SSHKeyIDs.40                                    248aa0f6-04cc-431c-a413-c9da7639fb8b
SSHKeyIDs.41                                    cf79dee3-6ace-44b5-9ddf-6b03f0d0dc05
SSHKeyIDs.42                                    203e0e3e-9e6c-44b8-82a6-a49bd004de80
SSHKeyIDs.43                                    b9b02a36-9c34-46c0-8350-9d10ca87c6ae
SSHKeyIDs.44                                    2f0c355f-d68f-4261-9c89-809e6231cdde
SSHKeyIDs.45                                    fda0ee5a-adcd-4ba8-b3cd-3cdbc170c29e
SSHKeyIDs.46                                    e944fe95-40e7-40bd-9a5d-f65ac9eab716
SSHKeyIDs.47                                    584a34fe-d851-40e2-a928-324885541bf5
SSHKeyIDs.48                                    5d440b7c-1e81-476f-bc0d-793b2a721584
Status                                          completed
User                                            ubuntu
ServiceUser                                     -
ServiceURL                                      -
PartitioningSchema.Disks.0.Device               /dev/nvme0n1
PartitioningSchema.Disks.0.Partitions.0.Label   uefi
PartitioningSchema.Disks.0.Partitions.0.Number  1
PartitioningSchema.Disks.0.Partitions.0.Size    512 MiB
PartitioningSchema.Disks.0.Partitions.1.Label   swap
PartitioningSchema.Disks.0.Partitions.1.Number  2
PartitioningSchema.Disks.0.Partitions.1.Size    4.0 GiB
PartitioningSchema.Disks.0.Partitions.2.Label   boot
PartitioningSchema.Disks.0.Partitions.2.Number  3
PartitioningSchema.Disks.0.Partitions.2.Size    512 MiB
PartitioningSchema.Disks.0.Partitions.3.Label   root
PartitioningSchema.Disks.0.Partitions.3.Number  4
PartitioningSchema.Disks.0.Partitions.3.Size    949 GiB
PartitioningSchema.Disks.1.Device               /dev/nvme1n1
PartitioningSchema.Disks.1.Partitions.0.Label   swap
PartitioningSchema.Disks.1.Partitions.0.Number  1
PartitioningSchema.Disks.1.Partitions.0.Size    4.0 GiB
PartitioningSchema.Disks.1.Partitions.1.Label   boot
PartitioningSchema.Disks.1.Partitions.1.Number  2
PartitioningSchema.Disks.1.Partitions.1.Size    512 MiB
PartitioningSchema.Disks.1.Partitions.2.Label   root
PartitioningSchema.Disks.1.Partitions.2.Number  3
PartitioningSchema.Disks.1.Partitions.2.Size    949 GiB
PartitioningSchema.Raids.0.Name                 /dev/md0
PartitioningSchema.Raids.0.Level                raid_level_1
PartitioningSchema.Raids.0.Devices.0            /dev/nvme0n1p3
PartitioningSchema.Raids.0.Devices.1            /dev/nvme1n1p2
PartitioningSchema.Raids.1.Name                 /dev/md1
PartitioningSchema.Raids.1.Level                raid_level_1
PartitioningSchema.Raids.1.Devices.0            /dev/nvme0n1p4
PartitioningSchema.Raids.1.Devices.1            /dev/nvme1n1p3
PartitioningSchema.Filesystems.0.Device         /dev/nvme0n1p1
PartitioningSchema.Filesystems.0.Format         fat32
PartitioningSchema.Filesystems.0.Mountpoint     /boot/efi
PartitioningSchema.Filesystems.1.Device         /dev/md0
PartitioningSchema.Filesystems.1.Format         ext4
PartitioningSchema.Filesystems.1.Mountpoint     /boot
PartitioningSchema.Filesystems.2.Device         /dev/md1
PartitioningSchema.Filesystems.2.Format         ext4
PartitioningSchema.Filesystems.2.Mountpoint     /
üü©üü©üü© JSON STDOUT üü©üü©üü©
{
  "id": "dd95ae38-d37d-4502-8d8f-3ff00a795fbc",
  "organization_id": "5ebc0159-7cb7-406c-9521-9347d1987fb2",
  "project_id": "5ebc0159-7cb7-406c-9521-9347d1987fb2",
  "name": "cli-bm-boring-panini",
  "description": "",
  "updated_at": "1970-01-01T00:00:00.0Z",
  "created_at": "1970-01-01T00:00:00.0Z",
  "status": "ready",
  "offer_id": "206ea234-9097-4ae1-af68-6d2be09f47ed",
  "offer_name": "EM-B220E-NVME",
  "tags": [],
  "ips": [
    {
      "id": "2b52b947-e19a-4098-a740-6cf36ffacd7e",
      "address": "2001:bc8:701:702:3eec:efff:feff:1898",
      "reverse": "dd95ae38-d37d-4502-8d8f-3ff00a795fbc.fr-par-1.baremetal.scw.cloud",
      "version": "IPv6",
      "reverse_status": "active",
      "reverse_status_message": ""
    },
    {
      "id": "df322c99-395c-4b38-abd2-5c841785564f",
      "address": "62.210.158.105",
      "reverse": "dd95ae38-d37d-4502-8d8f-3ff00a795fbc.fr-par-1.baremetal.scw.cloud",
      "version": "IPv4",
      "reverse_status": "active",
      "reverse_status_message": ""
    }
  ],
  "domain": "dd95ae38-d37d-4502-8d8f-3ff00a795fbc.fr-par-1.baremetal.scw.cloud",
  "boot_type": "normal",
  "zone": "fr-par-1",
  "install": {
    "os_id": "03b7f4ba-a6a1-4305-984e-b54fafbf1681",
    "hostname": "test-install-server",
    "ssh_key_ids": [
      "c7954590-1616-4574-a1e1-e95b48ef4378",
      "5e781941-b542-4136-bb01-342eb56544bd",
      "74a9d119-bb04-4aed-b7b1-9c80a8424deb",
      "68514ecc-e009-4b3d-b560-6e923fa507a0",
      "b822b395-4592-46be-9619-fc06d5f04f3d",
      "91ec9928-4eaf-45f2-9ca7-28b4cc6a1b8e",
      "4c094aa6-ea32-4756-b9aa-c159becb2467",
      "7b7f455f-4b82-4894-9341-354cdbc6a0f1",
      "4ad20cb5-7ccc-44db-939b-8babfc741cf9",
      "b4a04bff-3f5a-4c31-b98f-8e6665c85e1c",
      "df47ed9f-ef38-4cc9-a239-8c8c9dba12ed",
      "55f75375-16aa-458b-9c4c-448c1d77c44c",
      "e0ba4fee-fe43-493f-8fcc-95fd9c664553",
      "d1bfb428-3991-48de-a3ef-57be7cdfa3c8",
      "2c514478-f04c-4945-9ba5-e4e5a02eeb5e",
      "7c8e5789-d34d-425a-b0af-c749ec5b5acc",
      "7b857059-a842-4efd-a9dc-00a5908d2ad7",
      "69b811ab-20b3-4eaf-b565-16ebca50a9c9",
      "54b9bf33-d052-4ee4-b9b7-dc29b6603f0b",
      "48046b67-725d-4a10-b7ba-6c720dadc910",
      "c410d616-b438-4ad8-9afa-3fd790ff36a9",
      "9560cc7f-f371-40ef-bcfd-1419e76a8a21",
      "a547769d-315f-46f7-8d88-61b97e0789b4",
      "15c924b6-ecc9-4d02-816f-3f9b5fc7f66e",
      "efae309e-aa34-4405-ba2c-15653e4418eb",
      "08b2ee5e-bbcb-4d63-935a-e72954a84884",
      "9890553c-cb06-4451-bcac-41de3e9aad8f",
      "619cc263-ad06-4790-a6cd-61cd86eb8f2a",
      "e8939d46-feb2-46f3-b99c-06c3a1127834",
      "b7fd25d0-5d16-4e4d-b58d-ebc60bd9d235",
      "26726801-2ba9-4c61-938c-dcd25ec30eb9",
      "558dd0e6-a2d9-4c7f-980c-f27536151e19",
      "9cda7ecf-38be-46ab-89e5-118ab3ba3f3b",
      "6e2e443e-6028-4377-a18c-7555f47415f5",
      "3a783a52-67c0-415e-9f15-870a0f2da13e",
      "721cb2ca-738c-4745-bd5b-7c8f40b7d2a0",
      "facddcb4-0d3b-4a71-a7ae-8655dd7459c1",
      "093bc9cd-2795-4011-87ff-3e110e3bf3b9",
      "2e946781-029a-4b8d-8e75-cfb8c6784b0d",
      "6454d9b4-e7da-46ff-9136-6e7b564447b0",
      "248aa0f6-04cc-431c-a413-c9da7639fb8b",
      "cf79dee3-6ace-44b5-9ddf-6b03f0d0dc05",
      "203e0e3e-9e6c-44b8-82a6-a49bd004de80",
      "b9b02a36-9c34-46c0-8350-9d10ca87c6ae",
      "2f0c355f-d68f-4261-9c89-809e6231cdde",
      "fda0ee5a-adcd-4ba8-b3cd-3cdbc170c29e",
      "e944fe95-40e7-40bd-9a5d-f65ac9eab716",
      "584a34fe-d851-40e2-a928-324885541bf5",
      "5d440b7c-1e81-476f-bc0d-793b2a721584"
    ],
    "status": "completed",
    "user": "ubuntu",
    "service_user": "",
    "service_url": "",
    "partitioning_schema": {
      "disks": [
        {
          "device": "/dev/nvme0n1",
          "partitions": [
            {
              "label": "uefi",
              "number": 1,
              "size": 536870912
            },
            {
              "label": "swap",
              "number": 2,
              "size": 4294967296
            },
            {
              "label": "boot",
              "number": 3,
              "size": 536870912
            },
            {
              "label": "root",
              "number": 4,
              "size": 1018839433216
            }
          ]
        },
        {
          "device": "/dev/nvme1n1",
          "partitions": [
            {
              "label": "swap",
              "number": 1,
              "size": 4294967296
            },
            {
              "label": "boot",
              "number": 2,
              "size": 536870912
            },
            {
              "label": "root",
              "number": 3,
              "size": 1018839433216
            }
          ]
        }
      ],
      "raids": [
        {
          "name": "/dev/md0",
          "level": "raid_level_1",
          "devices": [
            "/dev/nvme0n1p3",
            "/dev/nvme1n1p2"
          ]
        },
        {
          "name": "/dev/md1",
          "level": "raid_level_1",
          "devices": [
            "/dev/nvme0n1p4",
            "/dev/nvme1n1p3"
          ]
        }
      ],
      "filesystems": [
        {
          "device": "/dev/nvme0n1p1",
          "format": "fat32",
          "mountpoint": "/boot/efi"
        },
        {
          "device": "/dev/md0",
          "format": "ext4",
          "mountpoint": "/boot"
        },
        {
          "device": "/dev/md1",
          "format": "ext4",
          "mountpoint": "/"
        }
      ],
      "zfs": {
        "pools": []
      }
    }
  },
  "ping_status": "ping_status_up",
  "options": [],
  "rescue_server": null
}
