🎲🎲🎲 EXIT CODE: 0 🎲🎲🎲
🟩🟩🟩 STDOUT️ 🟩🟩🟩️
ID              282b190d-4601-492a-bff3-9e99cf6330b0
OrganizationID  5ebc0159-7cb7-406c-9521-9347d1987fb2
ProjectID       5ebc0159-7cb7-406c-9521-9347d1987fb2
Name            cli-bm-xenodochial-dewdney
Description     -
UpdatedAt       few seconds ago
CreatedAt       few seconds ago
Status          error
OfferID         206ea234-9097-4ae1-af68-6d2be09f47ed
OfferName       EM-B220E-NVME
Domain          -
BootType        normal
Zone            fr-par-1
PingStatus      unknown

IPs:
ID   ADDRESS  REVERSE  VERSION  REVERSE STATUS  REVERSE STATUS MESSAGE

Options:
ID   NAME  STATUS  MANAGEABLE  EXPIRES AT
🟩🟩🟩 JSON STDOUT 🟩🟩🟩
{
  "id": "282b190d-4601-492a-bff3-9e99cf6330b0",
  "organization_id": "5ebc0159-7cb7-406c-9521-9347d1987fb2",
  "project_id": "5ebc0159-7cb7-406c-9521-9347d1987fb2",
  "name": "cli-bm-xenodochial-dewdney",
  "description": "",
  "updated_at": "1970-01-01T00:00:00.0Z",
  "created_at": "1970-01-01T00:00:00.0Z",
  "status": "error",
  "offer_id": "206ea234-9097-4ae1-af68-6d2be09f47ed",
  "offer_name": "EM-B220E-NVME",
  "tags": [],
  "ips": [],
  "domain": "",
  "boot_type": "normal",
  "zone": "fr-par-1",
  "install": null,
  "ping_status": "ping_status_unknown",
  "options": [],
  "rescue_server": null
}
