🎲🎲🎲 EXIT CODE: 0 🎲🎲🎲
🟩🟩🟩 STDOUT️ 🟩🟩🟩️
ID              80130653-29c3-49d1-8159-2ff5534caf0b
OrganizationID  5ebc0159-7cb7-406c-9521-9347d1987fb2
ProjectID       5ebc0159-7cb7-406c-9521-9347d1987fb2
Description     -
UpdatedAt       few seconds ago
CreatedAt       few seconds ago
Status          attached
IPAddress       195.154.190.134/32
ServerID        f6a99397-dd4a-4872-ae25-152e7d0bbcc1
Reverse         195-154-190-134.rev.poneytelecom.eu.
Zone            fr-par-1
🟩🟩🟩 JSON STDOUT 🟩🟩🟩
{
  "id": "80130653-29c3-49d1-8159-2ff5534caf0b",
  "organization_id": "5ebc0159-7cb7-406c-9521-9347d1987fb2",
  "project_id": "5ebc0159-7cb7-406c-9521-9347d1987fb2",
  "description": "",
  "tags": [],
  "updated_at": "1970-01-01T00:00:00.0Z",
  "created_at": "1970-01-01T00:00:00.0Z",
  "status": "attached",
  "ip_address": "195.154.190.134/32",
  "mac_address": null,
  "server_id": "f6a99397-dd4a-4872-ae25-152e7d0bbcc1",
  "reverse": "195-154-190-134.rev.poneytelecom.eu.",
  "zone": "fr-par-1"
}
