🎲🎲🎲 EXIT CODE: 0 🎲🎲🎲
🟩🟩🟩 STDOUT️ 🟩🟩🟩️
ID         8625d6ae-7e86-4ffc-99b8-f3cedd2a53a2
Name       cli-llm-laughing-wescoff
ProjectID  894cc948-1194-4357-9320-57cefcb7b0e5
Status     ready
NodeType   L4
Size       1
MinSize    1
MaxSize    1
ModelName  meta/llama-2-7b-chat:fp16
CreatedAt  few seconds ago
UpdatedAt  few seconds ago
Region     fr-srr

Endpoints:
ID                                    URL                                                                DISABLE AUTH
49609c7e-e93e-4fc4-b800-0b7a2204f7ac  https://8625d6ae-7e86-4ffc-99b8-f3cedd2a53a2.ifr.fr-srr.scw.cloud  false
🟩🟩🟩 JSON STDOUT 🟩🟩🟩
{
  "id": "8625d6ae-7e86-4ffc-99b8-f3cedd2a53a2",
  "name": "cli-llm-laughing-wescoff",
  "project_id": "894cc948-1194-4357-9320-57cefcb7b0e5",
  "status": "ready",
  "tags": [],
  "node_type": "L4",
  "endpoints": [
    {
      "id": "49609c7e-e93e-4fc4-b800-0b7a2204f7ac",
      "url": "https://8625d6ae-7e86-4ffc-99b8-f3cedd2a53a2.ifr.fr-srr.scw.cloud",
      "public_access": {},
      "disable_auth": false
    }
  ],
  "size": 1,
  "min_size": 1,
  "max_size": 1,
  "error_message": null,
  "model_name": "meta/llama-2-7b-chat:fp16",
  "created_at": "1970-01-01T00:00:00.0Z",
  "updated_at": "1970-01-01T00:00:00.0Z",
  "region": "fr-srr"
}
