🎲🎲🎲 EXIT CODE: 0 🎲🎲🎲
🟩🟩🟩 STDOUT️ 🟩🟩🟩️
ID         9880f7f0-ed6a-495c-99fa-d4ff4b80e648
Name       cli-llm-gifted-liskov
ProjectID  894cc948-1194-4357-9320-57cefcb7b0e5
Status     creating
NodeType   L4
Size       0
MinSize    1
MaxSize    1
ModelName  meta/llama-3-8b-instruct:bf16
CreatedAt  few seconds ago
Region     fr-srr

Endpoints:
ID                                    URL                                                                DISABLE AUTH
eefe321d-9a57-4388-bc37-5ecc3b94fb0e  https://9880f7f0-ed6a-495c-99fa-d4ff4b80e648.ifr.fr-srr.scw.cloud  false
🟩🟩🟩 JSON STDOUT 🟩🟩🟩
{
  "id": "9880f7f0-ed6a-495c-99fa-d4ff4b80e648",
  "name": "cli-llm-gifted-liskov",
  "project_id": "894cc948-1194-4357-9320-57cefcb7b0e5",
  "status": "creating",
  "tags": [],
  "node_type": "L4",
  "endpoints": [
    {
      "id": "eefe321d-9a57-4388-bc37-5ecc3b94fb0e",
      "url": "https://9880f7f0-ed6a-495c-99fa-d4ff4b80e648.ifr.fr-srr.scw.cloud",
      "public_access": {},
      "disable_auth": false
    }
  ],
  "size": 0,
  "min_size": 1,
  "max_size": 1,
  "error_message": null,
  "model_name": "meta/llama-3-8b-instruct:bf16",
  "created_at": "1970-01-01T00:00:00.0Z",
  "updated_at": null,
  "region": "fr-srr"
}
