🎲🎲🎲 EXIT CODE: 0 🎲🎲🎲
🟩🟩🟩 STDOUT️ 🟩🟩🟩️
ID           79e54364-9013-427d-9e56-8085da929b70
Name         1-ipam-1-static-priv-endpoints
ProjectID    fa1e3217-dc80-42ac-85c3-3f034b78b552
Status       ready
Version      7.0.5
NodeType     RED1-micro
CreatedAt    few seconds ago
UpdatedAt    few seconds ago
TLSEnabled   false
ClusterSize  1
Zone         fr-par-1
UserName     admin

Endpoints:
ID                                    Port  IPs
0b9e8061-e10c-4fb8-815d-1dfd94bf2745  6379  [10.16.4.1]
c0be2bbb-d4d6-4043-9aaa-f8a96e1685dc  6379  [172.16.228.2]

ACLRules:
ID   IP CIDR  DESCRIPTION
🟩🟩🟩 JSON STDOUT 🟩🟩🟩
{
  "id": "79e54364-9013-427d-9e56-8085da929b70",
  "name": "1-ipam-1-static-priv-endpoints",
  "project_id": "fa1e3217-dc80-42ac-85c3-3f034b78b552",
  "status": "ready",
  "version": "7.0.5",
  "endpoints": [
    {
      "port": 6379,
      "private_network": {
        "id": "72e054f3-77b4-4e65-b89d-7c955fe92d58",
        "service_ips": [
          "10.16.4.1/22"
        ],
        "zone": "fr-par-1",
        "provisioning_mode": "static"
      },
      "ips": [
        "10.16.4.1"
      ],
      "id": "0b9e8061-e10c-4fb8-815d-1dfd94bf2745"
    },
    {
      "port": 6379,
      "private_network": {
        "id": "eacb55ae-6fce-4205-bce7-7dd55f710b11",
        "service_ips": [
          "172.16.228.2/22"
        ],
        "zone": "fr-par-1",
        "provisioning_mode": "ipam"
      },
      "ips": [
        "172.16.228.2"
      ],
      "id": "c0be2bbb-d4d6-4043-9aaa-f8a96e1685dc"
    }
  ],
  "tags": [],
  "node_type": "RED1-micro",
  "created_at": "1970-01-01T00:00:00.0Z",
  "updated_at": "1970-01-01T00:00:00.0Z",
  "tls_enabled": false,
  "cluster_settings": [],
  "acl_rules": [],
  "cluster_size": 1,
  "zone": "fr-par-1",
  "user_name": "admin",
  "upgradable_versions": []
}
