🎲🎲🎲 EXIT CODE: 0 🎲🎲🎲
🟩🟩🟩 STDOUT️ 🟩🟩🟩️
ID           caac7795-b1c1-407f-8635-7da21563691e
Name         1-ipam-priv-endpoint
ProjectID    fa1e3217-dc80-42ac-85c3-3f034b78b552
Status       ready
Version      7.0.5
NodeType     RED1-micro
CreatedAt    few seconds ago
UpdatedAt    few seconds ago
TLSEnabled   false
ClusterSize  1
Zone         fr-par-1
UserName     admin

Endpoints:
ID                                    Port  IPs
2aaf6524-7ce6-4f6e-96aa-3f5cdc24ce04  6379  [172.16.232.2]

ACLRules:
ID   IP CIDR  DESCRIPTION
🟩🟩🟩 JSON STDOUT 🟩🟩🟩
{
  "id": "caac7795-b1c1-407f-8635-7da21563691e",
  "name": "1-ipam-priv-endpoint",
  "project_id": "fa1e3217-dc80-42ac-85c3-3f034b78b552",
  "status": "ready",
  "version": "7.0.5",
  "endpoints": [
    {
      "port": 6379,
      "private_network": {
        "id": "8084b2d3-6adc-428d-a04f-378332590f92",
        "service_ips": [
          "172.16.232.2/22"
        ],
        "zone": "fr-par-1",
        "provisioning_mode": "ipam"
      },
      "ips": [
        "172.16.232.2"
      ],
      "id": "2aaf6524-7ce6-4f6e-96aa-3f5cdc24ce04"
    }
  ],
  "tags": [],
  "node_type": "RED1-micro",
  "created_at": "1970-01-01T00:00:00.0Z",
  "updated_at": "1970-01-01T00:00:00.0Z",
  "tls_enabled": false,
  "cluster_settings": [],
  "acl_rules": [],
  "cluster_size": 1,
  "zone": "fr-par-1",
  "user_name": "admin",
  "upgradable_versions": []
}
